// Jest Snapshot v1, https://goo.gl/fbAQLP

exports[`<CalculatorPage /> Renderization Should match snapshot 1`] = `
Object {
  "asFragment": [Function],
  "baseElement": <body
    style="cursor: auto;"
  >
    <div>
      <div
        class="sc-ksdxAp hPGHDP"
      >
        <div
          class="sc-bdvvaa ckPhbz"
        />
        <div
          class="sc-kDThTU dOQeWD"
          width="608px"
        >
          <div
            class="sc-iqsfdx sc-crHlIS fEmQeI gDWTFd"
            width="377px"
          >
            <h1
              class="sc-hKwCoD kUMuyG"
            >
              Simule sua anticipação
            </h1>
            <span
              class="sc-dkPtyc bevlEB"
            />
            <div
              class="sc-bqiQRQ fZYwCN"
              width="251px"
            >
              <form
                class="sc-hBURRC"
              >
                <label
                  class="sc-fFehDp giHfmi"
                  for="Informe o valor da renda field"
                >
                  Informe o valor da renda
                   
                  *
                </label>
                <input
                  class="sc-fotPbf iKqKRC"
                  id="Informe o valor da renda field"
                  required=""
                  type="text"
                  value="R$ 1.000,00"
                />
                <span
                  class="sc-dkPtyc bevlEB"
                />
                <label
                  class="sc-fFehDp giHfmi"
                  for="Em quantas parcelas field"
                >
                  Em quantas parcelas
                   
                  *
                </label>
                <input
                  class="sc-fotPbf iKqKRC"
                  id="Em quantas parcelas field"
                  max="12"
                  min="1"
                  required=""
                  type="number"
                  value="12"
                />
                <div
                  class="sc-bkkfTU khHAZG"
                >
                  Máximo de 12 parcelas
                </div>
                <span
                  class="sc-dkPtyc bevlEB"
                />
                <label
                  class="sc-fFehDp giHfmi"
                  for="Informe o percentual de MDR field"
                >
                  Informe o percentual de MDR
                   
                  *
                </label>
                <input
                  class="sc-fotPbf iKqKRC"
                  id="Informe o percentual de MDR field"
                  min="0"
                  required=""
                  type="number"
                  value="1"
                />
                <span
                  class="sc-dkPtyc bevlEB"
                />
                <button
                  class="sc-gsDJrp cUUmJF"
                >
                  Consultar
                </button>
              </form>
            </div>
          </div>
          <div
            class="sc-iqsfdx sc-egiSv dvtCxf fPkldC"
            width="231px"
          >
            <h1
              class="sc-eCImvq gYYTtB"
            >
              Você receberá:
            </h1>
            <hr
              class="sc-ieebsP bWUoIY"
            />
            <span
              class="sc-dkPtyc bevlEB"
            />
            <div
              class="sc-dJjZJu gFEdfQ"
            >
              <p
                class="sc-gKckTs gJDjXS"
                data-testid="result-row"
              >
                <span>
                  Amanhã
                  :
                </span>
                 
                <br />
                <span
                  class="sc-dkPtyc gQAEQm"
                />
                <em
                  class="sc-hGPAah eHlsub"
                >
                  R$ 0,00
                </em>
              </p>
              <span
                class="sc-dkPtyc bevlEB"
              />
            </div>
            <div
              class="sc-dJjZJu gFEdfQ"
            >
              <p
                class="sc-gKckTs gJDjXS"
                data-testid="result-row"
              >
                <span>
                  Em 15 dias
                  :
                </span>
                 
                <br />
                <span
                  class="sc-dkPtyc gQAEQm"
                />
                <em
                  class="sc-hGPAah eHlsub"
                >
                  R$ 0,00
                </em>
              </p>
              <span
                class="sc-dkPtyc bevlEB"
              />
            </div>
            <div
              class="sc-dJjZJu gFEdfQ"
            >
              <p
                class="sc-gKckTs gJDjXS"
                data-testid="result-row"
              >
                <span>
                  Em 30 dias
                  :
                </span>
                 
                <br />
                <span
                  class="sc-dkPtyc gQAEQm"
                />
                <em
                  class="sc-hGPAah eHlsub"
                >
                  R$ 0,00
                </em>
              </p>
              <span
                class="sc-dkPtyc bevlEB"
              />
            </div>
            <div
              class="sc-dJjZJu gFEdfQ"
            >
              <p
                class="sc-gKckTs gJDjXS"
                data-testid="result-row"
              >
                <span>
                  Em 90 dias
                  :
                </span>
                 
                <br />
                <span
                  class="sc-dkPtyc gQAEQm"
                />
                <em
                  class="sc-hGPAah eHlsub"
                >
                  R$ 0,00
                </em>
              </p>
              <span
                class="sc-dkPtyc bevlEB"
              />
            </div>
          </div>
        </div>
      </div>
    </div>
  </body>,
  "container": <div>
    <div
      class="sc-ksdxAp hPGHDP"
    >
      <div
        class="sc-bdvvaa ckPhbz"
      />
      <div
        class="sc-kDThTU dOQeWD"
        width="608px"
      >
        <div
          class="sc-iqsfdx sc-crHlIS fEmQeI gDWTFd"
          width="377px"
        >
          <h1
            class="sc-hKwCoD kUMuyG"
          >
            Simule sua anticipação
          </h1>
          <span
            class="sc-dkPtyc bevlEB"
          />
          <div
            class="sc-bqiQRQ fZYwCN"
            width="251px"
          >
            <form
              class="sc-hBURRC"
            >
              <label
                class="sc-fFehDp giHfmi"
                for="Informe o valor da renda field"
              >
                Informe o valor da renda
                 
                *
              </label>
              <input
                class="sc-fotPbf iKqKRC"
                id="Informe o valor da renda field"
                required=""
                type="text"
                value="R$ 1.000,00"
              />
              <span
                class="sc-dkPtyc bevlEB"
              />
              <label
                class="sc-fFehDp giHfmi"
                for="Em quantas parcelas field"
              >
                Em quantas parcelas
                 
                *
              </label>
              <input
                class="sc-fotPbf iKqKRC"
                id="Em quantas parcelas field"
                max="12"
                min="1"
                required=""
                type="number"
                value="12"
              />
              <div
                class="sc-bkkfTU khHAZG"
              >
                Máximo de 12 parcelas
              </div>
              <span
                class="sc-dkPtyc bevlEB"
              />
              <label
                class="sc-fFehDp giHfmi"
                for="Informe o percentual de MDR field"
              >
                Informe o percentual de MDR
                 
                *
              </label>
              <input
                class="sc-fotPbf iKqKRC"
                id="Informe o percentual de MDR field"
                min="0"
                required=""
                type="number"
                value="1"
              />
              <span
                class="sc-dkPtyc bevlEB"
              />
              <button
                class="sc-gsDJrp cUUmJF"
              >
                Consultar
              </button>
            </form>
          </div>
        </div>
        <div
          class="sc-iqsfdx sc-egiSv dvtCxf fPkldC"
          width="231px"
        >
          <h1
            class="sc-eCImvq gYYTtB"
          >
            Você receberá:
          </h1>
          <hr
            class="sc-ieebsP bWUoIY"
          />
          <span
            class="sc-dkPtyc bevlEB"
          />
          <div
            class="sc-dJjZJu gFEdfQ"
          >
            <p
              class="sc-gKckTs gJDjXS"
              data-testid="result-row"
            >
              <span>
                Amanhã
                :
              </span>
               
              <br />
              <span
                class="sc-dkPtyc gQAEQm"
              />
              <em
                class="sc-hGPAah eHlsub"
              >
                R$ 0,00
              </em>
            </p>
            <span
              class="sc-dkPtyc bevlEB"
            />
          </div>
          <div
            class="sc-dJjZJu gFEdfQ"
          >
            <p
              class="sc-gKckTs gJDjXS"
              data-testid="result-row"
            >
              <span>
                Em 15 dias
                :
              </span>
               
              <br />
              <span
                class="sc-dkPtyc gQAEQm"
              />
              <em
                class="sc-hGPAah eHlsub"
              >
                R$ 0,00
              </em>
            </p>
            <span
              class="sc-dkPtyc bevlEB"
            />
          </div>
          <div
            class="sc-dJjZJu gFEdfQ"
          >
            <p
              class="sc-gKckTs gJDjXS"
              data-testid="result-row"
            >
              <span>
                Em 30 dias
                :
              </span>
               
              <br />
              <span
                class="sc-dkPtyc gQAEQm"
              />
              <em
                class="sc-hGPAah eHlsub"
              >
                R$ 0,00
              </em>
            </p>
            <span
              class="sc-dkPtyc bevlEB"
            />
          </div>
          <div
            class="sc-dJjZJu gFEdfQ"
          >
            <p
              class="sc-gKckTs gJDjXS"
              data-testid="result-row"
            >
              <span>
                Em 90 dias
                :
              </span>
               
              <br />
              <span
                class="sc-dkPtyc gQAEQm"
              />
              <em
                class="sc-hGPAah eHlsub"
              >
                R$ 0,00
              </em>
            </p>
            <span
              class="sc-dkPtyc bevlEB"
            />
          </div>
        </div>
      </div>
    </div>
  </div>,
  "debug": [Function],
  "findAllByAltText": [Function],
  "findAllByDisplayValue": [Function],
  "findAllByLabelText": [Function],
  "findAllByPlaceholderText": [Function],
  "findAllByRole": [Function],
  "findAllByTestId": [Function],
  "findAllByText": [Function],
  "findAllByTitle": [Function],
  "findByAltText": [Function],
  "findByDisplayValue": [Function],
  "findByLabelText": [Function],
  "findByPlaceholderText": [Function],
  "findByRole": [Function],
  "findByTestId": [Function],
  "findByText": [Function],
  "findByTitle": [Function],
  "getAllByAltText": [Function],
  "getAllByDisplayValue": [Function],
  "getAllByLabelText": [Function],
  "getAllByPlaceholderText": [Function],
  "getAllByRole": [Function],
  "getAllByTestId": [Function],
  "getAllByText": [Function],
  "getAllByTitle": [Function],
  "getByAltText": [Function],
  "getByDisplayValue": [Function],
  "getByLabelText": [Function],
  "getByPlaceholderText": [Function],
  "getByRole": [Function],
  "getByTestId": [Function],
  "getByText": [Function],
  "getByTitle": [Function],
  "queryAllByAltText": [Function],
  "queryAllByDisplayValue": [Function],
  "queryAllByLabelText": [Function],
  "queryAllByPlaceholderText": [Function],
  "queryAllByRole": [Function],
  "queryAllByTestId": [Function],
  "queryAllByText": [Function],
  "queryAllByTitle": [Function],
  "queryByAltText": [Function],
  "queryByDisplayValue": [Function],
  "queryByLabelText": [Function],
  "queryByPlaceholderText": [Function],
  "queryByRole": [Function],
  "queryByTestId": [Function],
  "queryByText": [Function],
  "queryByTitle": [Function],
  "rerender": [Function],
  "unmount": [Function],
}
`;
