// Jest Snapshot v1, https://goo.gl/fbAQLP

exports[`<HomePage> Should match snapshot 1`] = `
Object {
  "asFragment": [Function],
  "baseElement": <body
    style="cursor: auto;"
  >
    <div>
      <div
        class="sc-crHlIS hgNutx"
      >
        <div
          class="sc-eCImvq leqJFt"
        />
        <div
          class="sc-bdvvaa bLLKTH"
          width="608px"
        >
          <div
            class="sc-gsDJrp sc-dkPtyc iwfwsZ bOpavx"
            width="377px"
          >
            <h1
              class="sc-iCfLBT bcmRek"
            >
              Simule sua antecipação
            </h1>
            <form
              class="sc-egiSv"
            >
              <label
                class="sc-ksdxAp hVtOGY"
                for="Informe o valor da renda field"
              >
                Informe o valor da renda
                 
                *
              </label>
              <input
                class="sc-bqiQRQ crfOzM"
                data-testid="input-field"
                id="Informe o valor da renda field"
                required=""
                value="R$ 1.000,00"
              />
              <hr
                class="sc-gKckTs eAcrHf"
              />
              <label
                class="sc-ksdxAp hVtOGY"
                for="Em quantas parcelas field"
              >
                Em quantas parcelas
                 
                *
              </label>
              <input
                class="sc-bqiQRQ crfOzM"
                data-testid="input-field"
                id="Em quantas parcelas field"
                max="12"
                min="1"
                required=""
                type="number"
                value="12"
              />
              <div
                class="sc-hBURRC biTnsn"
              >
                Máximo de 12 parcelas
              </div>
              <hr
                class="sc-gKckTs eAcrHf"
              />
              <label
                class="sc-ksdxAp hVtOGY"
                for="Informe o percentual de MDR field"
              >
                Informe o percentual de MDR
                 
                *
              </label>
              <input
                class="sc-bqiQRQ crfOzM"
                data-testid="input-field"
                id="Informe o percentual de MDR field"
                min="0"
                required=""
                type="number"
                value="1"
              />
              <hr
                class="sc-gKckTs eAcrHf"
              />
              <button
                class="sc-jRQAMF cfpqmn"
              >
                Consultar
              </button>
            </form>
          </div>
          <div
            class="sc-gsDJrp sc-hKwCoD ilwAKO ebnkeC"
            width="231px"
          >
            <h1
              class="sc-furvIG gLAzh"
            >
              Você receberá:
            </h1>
            <hr
              class="sc-fotPbf dichcJ"
            />
            <hr
              class="sc-gKckTs eAcrHf"
            />
            <p
              class="sc-jrQzUz eCwHXR"
              data-testid="result-row"
            >
              <span
                data-testid="day"
              >
                Amanhã
                :
              </span>
               
              <br />
              <em
                class="sc-fFehDp gjMugN"
                data-testid="value"
              >
                R$ 0,00
              </em>
            </p>
            <p
              class="sc-jrQzUz eCwHXR"
              data-testid="result-row"
            >
              <span
                data-testid="day"
              >
                Em 15 dias
                :
              </span>
               
              <br />
              <em
                class="sc-fFehDp gjMugN"
                data-testid="value"
              >
                R$ 0,00
              </em>
            </p>
            <p
              class="sc-jrQzUz eCwHXR"
              data-testid="result-row"
            >
              <span
                data-testid="day"
              >
                Em 30 dias
                :
              </span>
               
              <br />
              <em
                class="sc-fFehDp gjMugN"
                data-testid="value"
              >
                R$ 0,00
              </em>
            </p>
            <p
              class="sc-jrQzUz eCwHXR"
              data-testid="result-row"
            >
              <span
                data-testid="day"
              >
                Em 90 dias
                :
              </span>
               
              <br />
              <em
                class="sc-fFehDp gjMugN"
                data-testid="value"
              >
                R$ 0,00
              </em>
            </p>
          </div>
        </div>
      </div>
    </div>
  </body>,
  "container": <div>
    <div
      class="sc-crHlIS hgNutx"
    >
      <div
        class="sc-eCImvq leqJFt"
      />
      <div
        class="sc-bdvvaa bLLKTH"
        width="608px"
      >
        <div
          class="sc-gsDJrp sc-dkPtyc iwfwsZ bOpavx"
          width="377px"
        >
          <h1
            class="sc-iCfLBT bcmRek"
          >
            Simule sua antecipação
          </h1>
          <form
            class="sc-egiSv"
          >
            <label
              class="sc-ksdxAp hVtOGY"
              for="Informe o valor da renda field"
            >
              Informe o valor da renda
               
              *
            </label>
            <input
              class="sc-bqiQRQ crfOzM"
              data-testid="input-field"
              id="Informe o valor da renda field"
              required=""
              value="R$ 1.000,00"
            />
            <hr
              class="sc-gKckTs eAcrHf"
            />
            <label
              class="sc-ksdxAp hVtOGY"
              for="Em quantas parcelas field"
            >
              Em quantas parcelas
               
              *
            </label>
            <input
              class="sc-bqiQRQ crfOzM"
              data-testid="input-field"
              id="Em quantas parcelas field"
              max="12"
              min="1"
              required=""
              type="number"
              value="12"
            />
            <div
              class="sc-hBURRC biTnsn"
            >
              Máximo de 12 parcelas
            </div>
            <hr
              class="sc-gKckTs eAcrHf"
            />
            <label
              class="sc-ksdxAp hVtOGY"
              for="Informe o percentual de MDR field"
            >
              Informe o percentual de MDR
               
              *
            </label>
            <input
              class="sc-bqiQRQ crfOzM"
              data-testid="input-field"
              id="Informe o percentual de MDR field"
              min="0"
              required=""
              type="number"
              value="1"
            />
            <hr
              class="sc-gKckTs eAcrHf"
            />
            <button
              class="sc-jRQAMF cfpqmn"
            >
              Consultar
            </button>
          </form>
        </div>
        <div
          class="sc-gsDJrp sc-hKwCoD ilwAKO ebnkeC"
          width="231px"
        >
          <h1
            class="sc-furvIG gLAzh"
          >
            Você receberá:
          </h1>
          <hr
            class="sc-fotPbf dichcJ"
          />
          <hr
            class="sc-gKckTs eAcrHf"
          />
          <p
            class="sc-jrQzUz eCwHXR"
            data-testid="result-row"
          >
            <span
              data-testid="day"
            >
              Amanhã
              :
            </span>
             
            <br />
            <em
              class="sc-fFehDp gjMugN"
              data-testid="value"
            >
              R$ 0,00
            </em>
          </p>
          <p
            class="sc-jrQzUz eCwHXR"
            data-testid="result-row"
          >
            <span
              data-testid="day"
            >
              Em 15 dias
              :
            </span>
             
            <br />
            <em
              class="sc-fFehDp gjMugN"
              data-testid="value"
            >
              R$ 0,00
            </em>
          </p>
          <p
            class="sc-jrQzUz eCwHXR"
            data-testid="result-row"
          >
            <span
              data-testid="day"
            >
              Em 30 dias
              :
            </span>
             
            <br />
            <em
              class="sc-fFehDp gjMugN"
              data-testid="value"
            >
              R$ 0,00
            </em>
          </p>
          <p
            class="sc-jrQzUz eCwHXR"
            data-testid="result-row"
          >
            <span
              data-testid="day"
            >
              Em 90 dias
              :
            </span>
             
            <br />
            <em
              class="sc-fFehDp gjMugN"
              data-testid="value"
            >
              R$ 0,00
            </em>
          </p>
        </div>
      </div>
    </div>
  </div>,
  "debug": [Function],
  "findAllByAltText": [Function],
  "findAllByDisplayValue": [Function],
  "findAllByLabelText": [Function],
  "findAllByPlaceholderText": [Function],
  "findAllByRole": [Function],
  "findAllByTestId": [Function],
  "findAllByText": [Function],
  "findAllByTitle": [Function],
  "findByAltText": [Function],
  "findByDisplayValue": [Function],
  "findByLabelText": [Function],
  "findByPlaceholderText": [Function],
  "findByRole": [Function],
  "findByTestId": [Function],
  "findByText": [Function],
  "findByTitle": [Function],
  "getAllByAltText": [Function],
  "getAllByDisplayValue": [Function],
  "getAllByLabelText": [Function],
  "getAllByPlaceholderText": [Function],
  "getAllByRole": [Function],
  "getAllByTestId": [Function],
  "getAllByText": [Function],
  "getAllByTitle": [Function],
  "getByAltText": [Function],
  "getByDisplayValue": [Function],
  "getByLabelText": [Function],
  "getByPlaceholderText": [Function],
  "getByRole": [Function],
  "getByTestId": [Function],
  "getByText": [Function],
  "getByTitle": [Function],
  "queryAllByAltText": [Function],
  "queryAllByDisplayValue": [Function],
  "queryAllByLabelText": [Function],
  "queryAllByPlaceholderText": [Function],
  "queryAllByRole": [Function],
  "queryAllByTestId": [Function],
  "queryAllByText": [Function],
  "queryAllByTitle": [Function],
  "queryByAltText": [Function],
  "queryByDisplayValue": [Function],
  "queryByLabelText": [Function],
  "queryByPlaceholderText": [Function],
  "queryByRole": [Function],
  "queryByTestId": [Function],
  "queryByText": [Function],
  "queryByTitle": [Function],
  "rerender": [Function],
  "unmount": [Function],
}
`;
